
> majaz@0.1.0 build
> next build

  ▲ Next.js 14.2.8
  - Environments: .env

   Creating an optimized production build ...
Browserslist: caniuse-lite is outdated. Please run:
  npx update-browserslist-db@latest
  Why you should do it regularly: https://github.com/browserslist/update-db#readme
 ⚠ Compiled with warnings

./app/api/messages/route.ts
Attempted import error: 'authOptions' is not exported from '../auth/[...nextauth]/route' (imported as 'authOptions').

Import trace for requested module:
./app/api/messages/route.ts

./app/api/messages/route.ts
Attempted import error: 'authOptions' is not exported from '../auth/[...nextauth]/route' (imported as 'authOptions').

Import trace for requested module:
./app/api/messages/route.ts

./app/api/requests/[id]/report/route.ts
Attempted import error: 'authOptions' is not exported from '../../../auth/[...nextauth]/route' (imported as 'authOptions').

Import trace for requested module:
./app/api/requests/[id]/report/route.ts

./app/api/requests/[id]/route.ts
Attempted import error: 'authOptions' is not exported from '../../auth/[...nextauth]/route' (imported as 'authOptions').

Import trace for requested module:
./app/api/requests/[id]/route.ts

./app/api/requests/[id]/route.ts
Attempted import error: 'authOptions' is not exported from '../../auth/[...nextauth]/route' (imported as 'authOptions').

Import trace for requested module:
./app/api/requests/[id]/route.ts

./app/api/requests/[id]/route.ts
Attempted import error: 'authOptions' is not exported from '../../auth/[...nextauth]/route' (imported as 'authOptions').

Import trace for requested module:
./app/api/requests/[id]/route.ts

./app/api/requests/route.ts
Attempted import error: 'authOptions' is not exported from '../auth/[...nextauth]/route' (imported as 'authOptions').

Import trace for requested module:
./app/api/requests/route.ts

./app/api/requests/route.ts
Attempted import error: 'authOptions' is not exported from '../auth/[...nextauth]/route' (imported as 'authOptions').

Import trace for requested module:
./app/api/requests/route.ts

./app/api/scrape/route.ts
Attempted import error: 'authOptions' is not exported from '../auth/[...nextauth]/route' (imported as 'authOptions').

Import trace for requested module:
./app/api/scrape/route.ts

   Linting and checking validity of types ...
Failed to compile.

./app/[locale]/(dashboard)/dashboard/page.tsx:256:18
Type error: Type '{ children: Element[]; style: { marginBottom: string; }; }' is not assignable to type 'IntrinsicAttributes & GlassCardProps'.
  Property 'style' does not exist on type 'IntrinsicAttributes & GlassCardProps'.

[0m [90m 254 |[39m[0m
[0m [90m 255 |[39m       {[90m/* Chart */[39m}[0m
[0m[31m[1m>[22m[39m[90m 256 |[39m       [33m<[39m[33mGlassCard[39m style[33m=[39m{{ marginBottom[33m:[39m [32m'var(--spacing-2xl)'[39m }}[33m>[39m[0m
[0m [90m     |[39m                  [31m[1m^[22m[39m[0m
[0m [90m 257 |[39m         [33m<[39m[33mh2[39m style[33m=[39m{{[0m
[0m [90m 258 |[39m           fontSize[33m:[39m [32m'1.5rem'[39m[33m,[39m[0m
[0m [90m 259 |[39m           color[33m:[39m [32m'var(--majaz-gold)'[39m[33m,[39m[0m
